// Jest Snapshot v1, https://goo.gl/fbAQLP

exports[`The shopping cart app renders correctly 1`] = `
<div
  className="table-row"
>
  <div
    className="table-row__product table-row__text"
  >
    Peas
  </div>
  <div
    className="table-row__price table-row__text"
  >
    Â£
    2.10
  </div>
  <div
    className="table-row__unit table-row__text"
  >
    per 
    bag
  </div>
  <div
    className="table-row__text"
  >
    <button
      className="button-increment"
    >
      +
    </button>
  </div>
  <div
    className="table-row__text"
  >
    <button
      className="button-decrement"
    >
      -
    </button>
  </div>
  <div
    className="table-row__quantity table-row__text"
  >
    0
  </div>
  <div
    className="table-row__subtotal table-row__text"
  >
    0
  </div>
</div>
`;
