// Jest Snapshot v1, https://goo.gl/fbAQLP

exports[`The shopping cart app renders correctly 1`] = `
<body>
  <header
    className="header"
  >
    <h1
      className="header__title"
    >
      Shopping Cart
    </h1>
  </header>
  <div
    className="food-item-row"
  >
    <div
      className="food-item-row__item"
    />
    <div
      className="food-item-row__price"
    />
    <button
      className="button-increment"
    >
      +
    </button>
    <button
      className="button-decrement"
    >
      -
    </button>
    <div
      className="food-item-row__quantity"
    />
    <div
      className="food-item-row__subtotal"
    />
  </div>
</body>
`;
