// Jest Snapshot v1, https://goo.gl/fbAQLP

exports[`The FoodItemList component renders correctly 1`] = `
<div
  className="food-item-table"
>
  <ul
    className="food-item__list"
  >
    <li
      className="food-item-list__element"
    >
      <div
        className="food-item-row"
      >
        <div
          className="food-item-row__item"
        >
          peas
        </div>
        <div
          className="food-item-row__price"
        >
          £
          0.95
        </div>
        <div
          className="food-item-row__unit"
        >
          per 
          bag
        </div>
        <button
          className="button-increment"
        >
          +
        </button>
        <button
          className="button-decrement"
        >
          -
        </button>
        <div
          className="food-item-row__quantity"
        />
        <div
          className="food-item-row__subtotal"
        />
      </div>
    </li>
    <li
      className="food-item-list__element"
    >
      <div
        className="food-item-row"
      >
        <div
          className="food-item-row__item"
        >
          eggs
        </div>
        <div
          className="food-item-row__price"
        >
          £
          2.10
        </div>
        <div
          className="food-item-row__unit"
        >
          per 
          dozen
        </div>
        <button
          className="button-increment"
        >
          +
        </button>
        <button
          className="button-decrement"
        >
          -
        </button>
        <div
          className="food-item-row__quantity"
        />
        <div
          className="food-item-row__subtotal"
        />
      </div>
    </li>
    <li
      className="food-item-list__element"
    >
      <div
        className="food-item-row"
      >
        <div
          className="food-item-row__item"
        >
          milk
        </div>
        <div
          className="food-item-row__price"
        >
          £
          1.30
        </div>
        <div
          className="food-item-row__unit"
        >
          per 
          bottle
        </div>
        <button
          className="button-increment"
        >
          +
        </button>
        <button
          className="button-decrement"
        >
          -
        </button>
        <div
          className="food-item-row__quantity"
        />
        <div
          className="food-item-row__subtotal"
        />
      </div>
    </li>
    <li
      className="food-item-list__element"
    >
      <div
        className="food-item-row"
      >
        <div
          className="food-item-row__item"
        >
          beans
        </div>
        <div
          className="food-item-row__price"
        >
          £
          0.73
        </div>
        <div
          className="food-item-row__unit"
        >
          per 
          can
        </div>
        <button
          className="button-increment"
        >
          +
        </button>
        <button
          className="button-decrement"
        >
          -
        </button>
        <div
          className="food-item-row__quantity"
        />
        <div
          className="food-item-row__subtotal"
        />
      </div>
    </li>
  </ul>
</div>
`;
